// Jest Snapshot v1, https://goo.gl/fbAQLP

exports[`WelcomePage2 matches the snapshot desktop 1`] = `
<div>
  <div
    class="FourImagesBgstyles__DivImageContainer-sc-4szpv9-0 gqbfrM"
  >
    <div
      class="ant-flex css-qnu6hi ant-flex-align-center ant-flex-justify-center"
      style="height: 100vh;"
    >
      <div
        class="ant-layout css-qnu6hi"
        style="width: 100%; max-width: 300px; padding: 20px 15px;"
      >
        <h1
          class="ant-typography css-qnu6hi"
          style="text-align: center;"
        >
          Welcome
        </h1>
        <input
          class="ant-input css-qnu6hi ant-input-outlined"
          placeholder="email"
          style="margin-bottom: 20px;"
          type="text"
          value=""
        />
        <div
          class="Welcome__ButtonContainer-sc-8vujwa-0 eEyGWM"
        >
          <button
            class="ant-btn css-qnu6hi ant-btn-default ant-btn-block"
            type="button"
          >
            <span>
              email
            </span>
          </button>
          <button
            class="ant-btn css-qnu6hi ant-btn-default ant-btn-block"
            type="button"
          >
            <span>
              LogIn
            </span>
          </button>
          <button
            class="ant-btn css-qnu6hi ant-btn-default ant-btn-block"
            type="button"
          >
            <span>
              CreateAccount
            </span>
          </button>
        </div>
        <div
          class="ant-flex css-qnu6hi ant-flex-wrap-wrap ant-flex-justify-center ant-flex-gap-large"
          style="margin-bottom: 20px;"
        >
          <button
            class="ant-btn css-qnu6hi ant-btn-circle ant-btn-primary"
            type="button"
          >
            <span>
              G
            </span>
          </button>
          <button
            class="ant-btn css-qnu6hi ant-btn-circle ant-btn-primary"
            type="button"
          >
            <span>
              VK
            </span>
          </button>
        </div>
      </div>
    </div>
  </div>
</div>
`;

exports[`WelcomePage2 matches the snapshot laptop 1`] = `
<div>
  <div
    class="FourImagesBgstyles__DivImageContainer-sc-4szpv9-0 gqbfrM"
  >
    <div
      class="ant-flex css-qnu6hi ant-flex-align-center ant-flex-justify-center"
      style="height: 100vh;"
    >
      <div
        class="ant-layout css-qnu6hi"
        style="width: 100%; max-width: 300px; padding: 20px 15px;"
      >
        <h1
          class="ant-typography css-qnu6hi"
          style="text-align: center;"
        >
          Welcome
        </h1>
        <input
          class="ant-input css-qnu6hi ant-input-outlined"
          placeholder="email"
          style="margin-bottom: 20px;"
          type="text"
          value=""
        />
        <div
          class="Welcome__ButtonContainer-sc-8vujwa-0 eEyGWM"
        >
          <button
            class="ant-btn css-qnu6hi ant-btn-default ant-btn-block"
            type="button"
          >
            <span>
              email
            </span>
          </button>
          <button
            class="ant-btn css-qnu6hi ant-btn-default ant-btn-block"
            type="button"
          >
            <span>
              LogIn
            </span>
          </button>
          <button
            class="ant-btn css-qnu6hi ant-btn-default ant-btn-block"
            type="button"
          >
            <span>
              CreateAccount
            </span>
          </button>
        </div>
        <div
          class="ant-flex css-qnu6hi ant-flex-wrap-wrap ant-flex-justify-center ant-flex-gap-large"
          style="margin-bottom: 20px;"
        >
          <button
            class="ant-btn css-qnu6hi ant-btn-circle ant-btn-primary"
            type="button"
          >
            <span>
              G
            </span>
          </button>
          <button
            class="ant-btn css-qnu6hi ant-btn-circle ant-btn-primary"
            type="button"
          >
            <span>
              VK
            </span>
          </button>
        </div>
      </div>
    </div>
  </div>
</div>
`;

exports[`WelcomePage2 matches the snapshot mobile 1`] = `
<div>
  <div
    class="FourImagesBgstyles__DivImageContainer-sc-4szpv9-0 gqbfrM"
  >
    <div
      class="ant-flex css-qnu6hi ant-flex-align-center ant-flex-justify-center"
      style="height: 100vh;"
    >
      <div
        class="ant-layout css-qnu6hi"
        style="width: 100%; max-width: 300px; padding: 20px 15px;"
      >
        <h1
          class="ant-typography css-qnu6hi"
          style="text-align: center;"
        >
          Welcome
        </h1>
        <input
          class="ant-input css-qnu6hi ant-input-outlined"
          placeholder="email"
          style="margin-bottom: 20px;"
          type="text"
          value=""
        />
        <div
          class="Welcome__ButtonContainer-sc-8vujwa-0 eEyGWM"
        >
          <button
            class="ant-btn css-qnu6hi ant-btn-default ant-btn-block"
            type="button"
          >
            <span>
              email
            </span>
          </button>
          <button
            class="ant-btn css-qnu6hi ant-btn-default ant-btn-block"
            type="button"
          >
            <span>
              LogIn
            </span>
          </button>
          <button
            class="ant-btn css-qnu6hi ant-btn-default ant-btn-block"
            type="button"
          >
            <span>
              CreateAccount
            </span>
          </button>
        </div>
        <div
          class="ant-flex css-qnu6hi ant-flex-wrap-wrap ant-flex-justify-center ant-flex-gap-large"
          style="margin-bottom: 20px;"
        >
          <button
            class="ant-btn css-qnu6hi ant-btn-circle ant-btn-primary"
            type="button"
          >
            <span>
              G
            </span>
          </button>
          <button
            class="ant-btn css-qnu6hi ant-btn-circle ant-btn-primary"
            type="button"
          >
            <span>
              VK
            </span>
          </button>
          <button
            class="ant-btn css-qnu6hi ant-btn-circle ant-btn-primary"
            type="button"
          >
            <span>
              G
            </span>
          </button>
          <button
            class="ant-btn css-qnu6hi ant-btn-circle ant-btn-primary"
            type="button"
          >
            <span>
              VK
            </span>
          </button>
          <button
            class="ant-btn css-qnu6hi ant-btn-circle ant-btn-primary"
            type="button"
          >
            <span>
              G
            </span>
          </button>
          <button
            class="ant-btn css-qnu6hi ant-btn-circle ant-btn-primary"
            type="button"
          >
            <span>
              VK
            </span>
          </button>
          <button
            class="ant-btn css-qnu6hi ant-btn-circle ant-btn-primary"
            type="button"
          >
            <span>
              G
            </span>
          </button>
          <button
            class="ant-btn css-qnu6hi ant-btn-circle ant-btn-primary"
            type="button"
          >
            <span>
              VK
            </span>
          </button>
          <button
            class="ant-btn css-qnu6hi ant-btn-circle ant-btn-primary"
            type="button"
          >
            <span>
              G
            </span>
          </button>
          <button
            class="ant-btn css-qnu6hi ant-btn-circle ant-btn-primary"
            type="button"
          >
            <span>
              VK
            </span>
          </button>
        </div>
      </div>
    </div>
  </div>
</div>
`;
