// Jest Snapshot v1, https://goo.gl/fbAQLP

exports[`OrdersFilterOpenedPage matches the snapshot desktop 1`] = `
<div>
  <div
    class="ant-layout Layoutstyles__StyledLayout-sc-httflb-0 dCkqfg css-1gwfwyx"
  >
    <div
      class="ant-layout css-1gwfwyx"
    >
      <main
        class="ant-layout-content Layoutstyles__StyledContent-sc-httflb-1 eUqUAz css-1gwfwyx"
      />
    </div>
  </div>
</div>
`;

exports[`OrdersFilterOpenedPage matches the snapshot laptop 1`] = `
<div>
  <div
    class="ant-layout Layoutstyles__StyledLayout-sc-httflb-0 dCkqfg css-1gwfwyx"
  >
    <div
      class="ant-layout css-1gwfwyx"
    >
      <main
        class="ant-layout-content Layoutstyles__StyledContent-sc-httflb-1 eUqUAz css-1gwfwyx"
      />
    </div>
  </div>
</div>
`;

exports[`OrdersFilterOpenedPage matches the snapshot mobile 1`] = `
<div>
  <div
    class="ant-layout Layoutstyles__StyledLayout-sc-httflb-0 dCkqfg css-1gwfwyx"
  >
    <div
      class="ant-layout css-1gwfwyx"
    >
      <main
        class="ant-layout-content Layoutstyles__StyledContent-sc-httflb-1 eUqUAz css-1gwfwyx"
      />
    </div>
  </div>
</div>
`;
